Performing C SOURCE FILE Test CMAKE_HAVE_LIBC_PTHREAD failed with the following output:
Change Dir: /home/dxs/pcl_ws/pcl-learning/11surface表面/2在平面模型上提取凸（凹）多边形/build/CMakeFiles/CMakeTmp

Run Build Command(s):/usr/bin/make cmTC_b741f/fast && /usr/bin/make -f CMakeFiles/cmTC_b741f.dir/build.make CMakeFiles/cmTC_b741f.dir/build
make[1]: 进入目录“/home/dxs/pcl_ws/pcl-learning/11surface表面/2在平面模型上提取凸（凹）多边形/build/CMakeFiles/CMakeTmp”
Building C object CMakeFiles/cmTC_b741f.dir/src.c.o
/usr/bin/cc   -DCMAKE_HAVE_LIBC_PTHREAD   -o CMakeFiles/cmTC_b741f.dir/src.c.o   -c /home/dxs/pcl_ws/pcl-learning/11surface表面/2在平面模型上提取凸（凹）多边形/build/CMakeFiles/CMakeTmp/src.c
Linking C executable cmTC_b741f
/usr/bin/cmake -E cmake_link_script CMakeFiles/cmTC_b741f.dir/link.txt --verbose=1
/usr/bin/cc  -DCMAKE_HAVE_LIBC_PTHREAD    -rdynamic CMakeFiles/cmTC_b741f.dir/src.c.o  -o cmTC_b741f 
/usr/bin/ld: CMakeFiles/cmTC_b741f.dir/src.c.o: in function `main':
src.c:(.text+0x46): undefined reference to `pthread_create'
/usr/bin/ld: src.c:(.text+0x52): undefined reference to `pthread_detach'
/usr/bin/ld: src.c:(.text+0x63): undefined reference to `pthread_join'
collect2: error: ld returned 1 exit status
make[1]: *** [CMakeFiles/cmTC_b741f.dir/build.make:87：cmTC_b741f] 错误 1
make[1]: 离开目录“/home/dxs/pcl_ws/pcl-learning/11surface表面/2在平面模型上提取凸（凹）多边形/build/CMakeFiles/CMakeTmp”
make: *** [Makefile:121：cmTC_b741f/fast] 错误 2


Source file was:
#include <pthread.h>

void* test_func(void* data)
{
  return data;
}

int main(void)
{
  pthread_t thread;
  pthread_create(&thread, NULL, test_func, NULL);
  pthread_detach(thread);
  pthread_join(thread, NULL);
  pthread_atfork(NULL, NULL, NULL);
  pthread_exit(NULL);

  return 0;
}

Determining if the function pthread_create exists in the pthreads failed with the following output:
Change Dir: /home/dxs/pcl_ws/pcl-learning/11surface表面/2在平面模型上提取凸（凹）多边形/build/CMakeFiles/CMakeTmp

Run Build Command(s):/usr/bin/make cmTC_7ff94/fast && /usr/bin/make -f CMakeFiles/cmTC_7ff94.dir/build.make CMakeFiles/cmTC_7ff94.dir/build
make[1]: 进入目录“/home/dxs/pcl_ws/pcl-learning/11surface表面/2在平面模型上提取凸（凹）多边形/build/CMakeFiles/CMakeTmp”
Building C object CMakeFiles/cmTC_7ff94.dir/CheckFunctionExists.c.o
/usr/bin/cc   -DCHECK_FUNCTION_EXISTS=pthread_create   -o CMakeFiles/cmTC_7ff94.dir/CheckFunctionExists.c.o   -c /usr/share/cmake-3.16/Modules/CheckFunctionExists.c
Linking C executable cmTC_7ff94
/usr/bin/cmake -E cmake_link_script CMakeFiles/cmTC_7ff94.dir/link.txt --verbose=1
/usr/bin/cc  -DCHECK_FUNCTION_EXISTS=pthread_create    -rdynamic CMakeFiles/cmTC_7ff94.dir/CheckFunctionExists.c.o  -o cmTC_7ff94  -lpthreads 
/usr/bin/ld: 找不到 -lpthreads
collect2: error: ld returned 1 exit status
make[1]: *** [CMakeFiles/cmTC_7ff94.dir/build.make:87：cmTC_7ff94] 错误 1
make[1]: 离开目录“/home/dxs/pcl_ws/pcl-learning/11surface表面/2在平面模型上提取凸（凹）多边形/build/CMakeFiles/CMakeTmp”
make: *** [Makefile:121：cmTC_7ff94/fast] 错误 2



